// Jest Snapshot v1, https://goo.gl/fbAQLP

exports[`App should match snapshot 1`] = `
<DocumentFragment>
  <div
    class="App"
  >
    <h3>
      isLoading...
    </h3>
  </div>
</DocumentFragment>
`;
